// Jest Snapshot v1, https://goo.gl/fbAQLP

exports[`Create view renders the component and matches snapshot 1`] = `
<div class="create">
  <div class="create__introduction">
    <h1>Welcome to flatfair!</h1>
    <p>
      To create your personal flatbond, we need some details about your new
      home.
    </p>
  </div>
  <!---->
  <illustration-stub imagesrc="../assets/house.png"></illustration-stub>
</div>
`;
