// Jest Snapshot v1, https://goo.gl/fbAQLP

exports[`Success view renders the component and matches snapshot 1`] = `
<div class="success">
  <router-link-stub to="/" tag="a" event="click" class="back-link"><i class="arrow-left"></i>Back to previous page</router-link-stub>
  <div class="success__content">
    <h1>Thank you!</h1>
    <div>Your flatbond was created with the following details:</div>
    <table class="details-table">
      <tr>
        <th class="label">Monthly rent:</th>
        <td class="value rentValue">200.00 £</td>
      </tr>
      <tr>
        <th class="label">Postcode:</th>
        <td class="value postcodeValue">WC2N 5DU</td>
      </tr>
      <tr>
        <th class="label">Membership fee:</th>
        <td class="value feeValue">144 £</td>
      </tr>
    </table>
  </div>
  <illustration-stub imagesrc="" position="right"></illustration-stub>
</div>
`;
